---
source: crates/spoor-cli/tests/docx.rs
expression: out
---
Before.

Nested label.

![DOCX image 1](spoor://docx/part/word/media/image1.png)

Between.![DOCX image 2](spoor://docx/part/word/media/image1.png)

Choice only.![DOCX image 3](spoor://docx/part/word/media/image2.png)

Fallback only.![DOCX image 4](spoor://docx/part/word/media/fallback-only.png)

After.
